Archive member included to satisfy reference by file (symbol)

.\CortexM3\ARM_GCC_541\Debug\speed_sensor.a(Btn_startSample.o)
                              .\CortexM3\ARM_GCC_541\Debug\main.o (Btn_startSample_ClearInterrupt)
.\CortexM3\ARM_GCC_541\Debug\speed_sensor.a(ADC.o)
                              .\CortexM3\ARM_GCC_541\Debug\main.o (ADC_Start)
.\CortexM3\ARM_GCC_541\Debug\speed_sensor.a(ADC_INT.o)
                              .\CortexM3\ARM_GCC_541\Debug\speed_sensor.a(ADC.o) (ADC_ISR1)
.\CortexM3\ARM_GCC_541\Debug\speed_sensor.a(UART.o)
                              .\CortexM3\ARM_GCC_541\Debug\main.o (UART_Start)
.\CortexM3\ARM_GCC_541\Debug\speed_sensor.a(LED_red.o)
                              .\CortexM3\ARM_GCC_541\Debug\statemachine.o (LED_red_Write)
.\CortexM3\ARM_GCC_541\Debug\speed_sensor.a(LED_yellow.o)
                              .\CortexM3\ARM_GCC_541\Debug\statemachine.o (LED_yellow_Write)
.\CortexM3\ARM_GCC_541\Debug\speed_sensor.a(LED_green.o)
                              .\CortexM3\ARM_GCC_541\Debug\statemachine.o (LED_green_Write)
.\CortexM3\ARM_GCC_541\Debug\speed_sensor.a(ADC_AMux.o)
                              .\CortexM3\ARM_GCC_541\Debug\speed_sensor.a(ADC.o) (ADC_AMux_Select)
.\CortexM3\ARM_GCC_541\Debug\speed_sensor.a(ADC_Ext_CP_Clk.o)
                              .\CortexM3\ARM_GCC_541\Debug\speed_sensor.a(ADC.o) (ADC_Ext_CP_Clk_SetModeRegister)
.\CortexM3\ARM_GCC_541\Debug\speed_sensor.a(ADC_theACLK.o)
                              .\CortexM3\ARM_GCC_541\Debug\speed_sensor.a(ADC.o) (ADC_theACLK_SetModeRegister)
.\CortexM3\ARM_GCC_541\Debug\speed_sensor.a(UART_IntClock.o)
                              .\CortexM3\ARM_GCC_541\Debug\speed_sensor.a(UART.o) (UART_IntClock_Start)
.\CortexM3\ARM_GCC_541\Debug\speed_sensor.a(CyDmac.o)
                              .\CortexM3\ARM_GCC_541\Debug\Cm3Start.o (CyDmacConfigure)
.\CortexM3\ARM_GCC_541\Debug\speed_sensor.a(CyLib.o)
                              .\CortexM3\ARM_GCC_541\Debug\Cm3Start.o (CyHalt)
.\CortexM3\ARM_GCC_541\Debug\speed_sensor.a(cyPm.o)
                              .\CortexM3\ARM_GCC_541\Debug\speed_sensor.a(CyLib.o) (CyPmReadStatus)
.\CortexM3\ARM_GCC_541\Debug\speed_sensor.a(isr_btn.o)
                              .\CortexM3\ARM_GCC_541\Debug\main.o (isr_btn_StartEx)
.\CortexM3\ARM_GCC_541\Debug\speed_sensor.a(DAC.o)
                              .\CortexM3\ARM_GCC_541\Debug\main.o (DAC_Start)
.\CortexM3\ARM_GCC_541\Debug\speed_sensor.a(DAC_DacClk.o)
                              .\CortexM3\ARM_GCC_541\Debug\speed_sensor.a(DAC.o) (DAC_DacClk_Start)
.\CortexM3\ARM_GCC_541\Debug\speed_sensor.a(DAC_Wave1_DMA_dma.o)
                              .\CortexM3\ARM_GCC_541\Debug\speed_sensor.a(DAC.o) (DAC_Wave1_DMA_DmaInitialize)
.\CortexM3\ARM_GCC_541\Debug\speed_sensor.a(DAC_Wave2_DMA_dma.o)
                              .\CortexM3\ARM_GCC_541\Debug\speed_sensor.a(DAC.o) (DAC_Wave2_DMA_DmaInitialize)
.\CortexM3\ARM_GCC_541\Debug\speed_sensor.a(DAC_VDAC8.o)
                              .\CortexM3\ARM_GCC_541\Debug\speed_sensor.a(DAC.o) (DAC_VDAC8_Enable)
.\CortexM3\ARM_GCC_541\Debug\speed_sensor.a(isr_uart.o)
                              .\CortexM3\ARM_GCC_541\Debug\main.o (isr_uart_StartEx)
.\CortexM3\ARM_GCC_541\Debug\speed_sensor.a(CyBootAsmGnu.o)
                              .\CortexM3\ARM_GCC_541\Debug\cyfitter_cfg.o (CyDelayCycles)
.\CortexM3\ARM_GCC_541\Debug\speed_sensor.a(CyFlash.o)
                              .\CortexM3\ARM_GCC_541\Debug\speed_sensor.a(cyPm.o) (CyFlash_SetWaitCycles)
.\CortexM3\ARM_GCC_541\Debug\speed_sensor.a(CySpc.o)
                              .\CortexM3\ARM_GCC_541\Debug\speed_sensor.a(CyFlash.o) (CySpcStart)
c:/program files (x86)/cypress/psoc creator/4.4/psoc creator/import/gnu/arm/5.4.1/bin/../lib/gcc/arm-none-eabi/5.4.1/armv7-m\libgcc.a(_arm_addsubdf3.o)
                              .\CortexM3\ARM_GCC_541\Debug\speed_sensor.a(ADC.o) (__aeabi_f2d)
c:/program files (x86)/cypress/psoc creator/4.4/psoc creator/import/gnu/arm/5.4.1/bin/../lib/gcc/arm-none-eabi/5.4.1/armv7-m\libgcc.a(_arm_cmpdf2.o)
                              .\CortexM3\ARM_GCC_541\Debug\speed_sensor.a(ADC.o) (__aeabi_dcmpgt)
c:/program files (x86)/cypress/psoc creator/4.4/psoc creator/import/gnu/arm/5.4.1/bin/../lib/gcc/arm-none-eabi/5.4.1/armv7-m\libgcc.a(_arm_addsubsf3.o)
                              .\CortexM3\ARM_GCC_541\Debug\speed_sensor.a(ADC.o) (__aeabi_ui2f)
c:/program files (x86)/cypress/psoc creator/4.4/psoc creator/import/gnu/arm/5.4.1/bin/../lib/gcc/arm-none-eabi/5.4.1/armv7-m\libgcc.a(_arm_muldivsf3.o)
                              .\CortexM3\ARM_GCC_541\Debug\speed_sensor.a(ADC.o) (__aeabi_fmul)
c:/program files (x86)/cypress/psoc creator/4.4/psoc creator/import/gnu/arm/5.4.1/bin/../lib/gcc/arm-none-eabi/5.4.1/armv7-m\libgcc.a(_arm_fixunssfsi.o)
                              .\CortexM3\ARM_GCC_541\Debug\speed_sensor.a(ADC.o) (__aeabi_f2uiz)
[...]
Memory Configuration

Name             Origin             Length             Attributes
rom              0x00000000         0x00040000         xr
ram              0x1fff8000         0x00010000         xrw
*default*        0x00000000         0xffffffff

Linker script and memory map

LOAD c:/program files (x86)/cypress/psoc creator/4.4/psoc creator/import/gnu/arm/5.4.1/bin/../lib/gcc/arm-none-eabi/5.4.1/armv7-m/crti.o
LOAD c:/program files (x86)/cypress/psoc creator/4.4/psoc creator/import/gnu/arm/5.4.1/bin/../lib/gcc/arm-none-eabi/5.4.1/armv7-m/crtbegin.o
LOAD c:/program files (x86)/cypress/psoc creator/4.4/psoc creator/import/gnu/arm/5.4.1/bin/../lib/gcc/arm-none-eabi/5.4.1/../../../../arm-none-eabi/lib/armv7-m/crt0.o
START GROUP
LOAD .\CortexM3\ARM_GCC_541\Debug\main.o
LOAD .\CortexM3\ARM_GCC_541\Debug\statemachine.o
LOAD .\CortexM3\ARM_GCC_541\Debug\cyfitter_cfg.o
LOAD .\CortexM3\ARM_GCC_541\Debug\cymetadata.o
LOAD .\CortexM3\ARM_GCC_541\Debug\Cm3Start.o
LOAD .\CortexM3\ARM_GCC_541\Debug\speed_sensor.a
LOAD C:\Program Files (x86)\Cypress\PSoC Creator\4.4\PSoC Creator\psoc\content\cycomponentlibrary\CyComponentLibrary.cylib\CortexM3\ARM_GCC_541\Debug\CyComponentLibrary.a
END GROUP
START GROUP
LOAD c:/program files (x86)/cypress/psoc creator/4.4/psoc creator/import/gnu/arm/5.4.1/bin/../lib/gcc/arm-none-eabi/5.4.1/armv7-m\libgcc.a
LOAD c:/program files (x86)/cypress/psoc creator/4.4/psoc creator/import/gnu/arm/5.4.1/bin/../lib/gcc/arm-none-eabi/5.4.1/../../../../arm-none-eabi/lib/armv7-m\libg_nano.a
LOAD c:/program files (x86)/cypress/psoc creator/4.4/psoc creator/import/gnu/arm/5.4.1/bin/../lib/gcc/arm-none-eabi/5.4.1/../../../../arm-none-eabi/lib/armv7-m\libc_nano.a
END GROUP
START GROUP
LOAD c:/program files (x86)/cypress/psoc creator/4.4/psoc creator/import/gnu/arm/5.4.1/bin/../lib/gcc/arm-none-eabi/5.4.1/armv7-m\libgcc.a
LOAD c:/program files (x86)/cypress/psoc creator/4.4/psoc creator/import/gnu/arm/5.4.1/bin/../lib/gcc/arm-none-eabi/5.4.1/../../../../arm-none-eabi/lib/armv7-m\libc_nano.a
END GROUP
LOAD c:/program files (x86)/cypress/psoc creator/4.4/psoc creator/import/gnu/arm/5.4.1/bin/../lib/gcc/arm-none-eabi/5.4.1/armv7-m/crtend.o
LOAD c:/program files (x86)/cypress/psoc creator/4.4/psoc creator/import/gnu/arm/5.4.1/bin/../lib/gcc/arm-none-eabi/5.4.1/armv7-m/crtn.o
START GROUP
LOAD c:/program files (x86)/cypress/psoc creator/4.4/psoc creator/import/gnu/arm/5.4.1/bin/../lib/gcc/arm-none-eabi/5.4.1/armv7-m\libgcc.a
LOAD c:/program files (x86)/cypress/psoc creator/4.4/psoc creator/import/gnu/arm/5.4.1/bin/../lib/gcc/arm-none-eabi/5.4.1/../../../../arm-none-eabi/lib/armv7-m\libc.a
LOAD c:/program files (x86)/cypress/psoc creator/4.4/psoc creator/import/gnu/arm/5.4.1/bin/../lib/gcc/arm-none-eabi/5.4.1/../../../../arm-none-eabi/lib/armv7-m\libnosys.a
END GROUP
                0x00000000                CY_APPL_ORIGIN = 0x0
                0x00000100                CY_FLASH_ROW_SIZE = 0x100
                0x00000020                CY_ECC_ROW_SIZE = 0x20
                0x00000000                CY_EE_IN_BTLDR = 0x0
                0x00000000                CY_APPL_LOADABLE = 0x0
                0x00000800                CY_EE_SIZE = 0x800
                0x00000001                CY_APPL_NUM = 0x1
                0x00000001                CY_APPL_MAX = 0x1
                0x00000040                CY_METADATA_SIZE = 0x40
                0x00000000                CY_APPL_LOADABLE = 0x0
                0x00000000                CY_CHECKSUM_EXCLUDE_SIZE = ALIGN (0x0, CY_FLASH_ROW_SIZE)
                [!provide]                PROVIDE (__cy_heap_start, _end)
                0x00000001                PROVIDE (__cy_region_num, ((__cy_regions_end - __cy_regions) / 0x10))
                0x20008000                PROVIDE (__cy_stack, (ORIGIN (ram) + LENGTH (ram)))
                [!provide]                PROVIDE (__cy_heap_end, (__cy_stack - 0x800))

.cybootloader   0x00000000        0x0
 *(.cybootloader)
                0x00000000                appl1_start = CY_APPL_ORIGIN?CY_APPL_ORIGIN:ALIGN (CY_FLASH_ROW_SIZE)
                0x0001ff00                appl2_start = (appl1_start + ALIGN ((((LENGTH (rom) - appl1_start) - (0x2 * CY_FLASH_ROW_SIZE)) / 0x2), CY_FLASH_ROW_SIZE))
                0x00000000                appl_start = (CY_APPL_NUM == 0x1)?appl1_start:appl2_start
                0x00000000                ecc_offset = ((appl_start / CY_FLASH_ROW_SIZE) * CY_ECC_ROW_SIZE)
                0x00000000                ee_offset = (CY_APPL_LOADABLE && ! (CY_EE_IN_BTLDR))?((CY_EE_SIZE / CY_APPL_MAX) * (CY_APPL_NUM - 0x1)):0x0
                0x00000800                ee_size = (CY_APPL_LOADABLE && ! (CY_EE_IN_BTLDR))?(CY_EE_SIZE / CY_APPL_MAX):CY_EE_SIZE
                [!provide]                PROVIDE (CY_ECC_OFFSET, ecc_offset)

.text           0x00000000     0x162e
 CREATE_OBJECT_SYMBOLS
                0x00000000                PROVIDE (__cy_interrupt_vector, RomVectors)
 *(.romvectors)
 .romvectors    0x00000000       0x10 .\CortexM3\ARM_GCC_541\Debug\Cm3Start.o
                0x00000000                RomVectors
                0x00000001                ASSERT ((. != __cy_interrupt_vector), No interrupt vector)
                0x00000001                ASSERT (CY_APPL_ORIGIN?(SIZEOF (.cybootloader) <= CY_APPL_ORIGIN):0x1, Wrong image location)
                0x00000010                PROVIDE (__cy_reset, Reset)
 *(.text.Reset)
 .text.Reset    0x00000010       0x18 .\CortexM3\ARM_GCC_541\Debug\Cm3Start.o
                0x00000010                Reset
                0x00000001                ASSERT ((. != __cy_reset), No reset code)
 *(.dma_init)
                0x00000001                ASSERT ((((appl_start + .) <= 0x10000) || 0x1), DMA Init must be within the first 64k of flash)
 *(.text .text.* .gnu.linkonce.t.*)
 .text          0x00000028       0x5c c:/program files (x86)/cypress/psoc creator/4.4/psoc creator/import/gnu/arm/5.4.1/bin/../lib/gcc/arm-none-eabi/5.4.1/armv7-m/crtbegin.o
 .text.isr_sampling_button
                0x00000084       0x14 .\CortexM3\ARM_GCC_541\Debug\main.o
                0x00000084                isr_sampling_button
 .text.isr_uart_rx
                0x00000098       0x2c .\CortexM3\ARM_GCC_541\Debug\main.o
                0x00000098                isr_uart_rx
 .text.init     0x000000c4       0x10 .\CortexM3\ARM_GCC_541\Debug\main.o
                0x000000c4                init
 .text.main     0x000000d4       0x2c .\CortexM3\ARM_GCC_541\Debug\main.o
                0x000000d4                main
 .text.idle     0x00000100        0xc .\CortexM3\ARM_GCC_541\Debug\statemachine.o
                0x00000100                idle
 .text.sampling
                0x0000010c       0x60 .\CortexM3\ARM_GCC_541\Debug\statemachine.o
                0x0000010c                sampling
 .text.uartTransfer
                0x0000016c       0x58 .\CortexM3\ARM_GCC_541\Debug\statemachine.o
                0x0000016c                uartTransfer
 .text.stateMachine
                0x000001c4       0x44 .\CortexM3\ARM_GCC_541\Debug\statemachine.o
                0x000001c4                stateMachine
 .text.CyClockStartupError
                0x00000208        0x4 .\CortexM3\ARM_GCC_541\Debug\cyfitter_cfg.o
 .text.cfg_write_bytes32
                0x0000020c       0x34 .\CortexM3\ARM_GCC_541\Debug\cyfitter_cfg.o
 .text.AnalogSetDefault
                0x00000240       0x40 .\CortexM3\ARM_GCC_541\Debug\cyfitter_cfg.o
 .text.CYMEMZERO
                0x00000280        0xc .\CortexM3\ARM_GCC_541\Debug\cyfitter_cfg.o
 .text.CYCONFIGCPY
                0x0000028c        0x8 .\CortexM3\ARM_GCC_541\Debug\cyfitter_cfg.o
 .text.ClockSetup
                0x00000294      0x100 .\CortexM3\ARM_GCC_541\Debug\cyfitter_cfg.o
 .text.ADC_AMux_Set
                0x00000394       0x1c .\CortexM3\ARM_GCC_541\Debug\cyfitter_cfg.o
                0x00000394                ADC_AMux_Set
 .text.ADC_AMux_Unset
                0x000003b0       0x1c .\CortexM3\ARM_GCC_541\Debug\cyfitter_cfg.o
                0x000003b0                ADC_AMux_Unset
 .text.cyfitter_cfg
                0x000003cc      0x130 .\CortexM3\ARM_GCC_541\Debug\cyfitter_cfg.o
                0x000003cc                cyfitter_cfg
 .text.IntDefaultHandler
                0x000004fc       0x10 .\CortexM3\ARM_GCC_541\Debug\Cm3Start.o
                0x000004fc                IntDefaultHandler
 .text.Start_c  0x0000050c       0x4c .\CortexM3\ARM_GCC_541\Debug\Cm3Start.o
                0x0000050c                Start_c
 .text.initialize_psoc
                0x00000558       0x6c .\CortexM3\ARM_GCC_541\Debug\Cm3Start.o
                0x00000558                initialize_psoc
 .text.Btn_startSample_ClearInterrupt
                0x000005c4        0xc .\CortexM3\ARM_GCC_541\Debug\speed_sensor.a(Btn_startSample.o)
                0x000005c4                Btn_startSample_ClearInterrupt
 .text.ADC_GainCompensation
                0x000005d0       0xe0 .\CortexM3\ARM_GCC_541\Debug\speed_sensor.a(ADC.o)
 .text.ADC_SetDSMRef0Reg
                0x000006b0       0x4c .\CortexM3\ARM_GCC_541\Debug\speed_sensor.a(ADC.o)
 .text.ADC_InitConfig
                0x000006fc      0x338 .\CortexM3\ARM_GCC_541\Debug\speed_sensor.a(ADC.o)
 .text.ADC_Init
                0x00000a34      0x108 .\CortexM3\ARM_GCC_541\Debug\speed_sensor.a(ADC.o)
                0x00000a34                ADC_Init
 .text.ADC_Enable
                0x00000b3c       0xd8 .\CortexM3\ARM_GCC_541\Debug\speed_sensor.a(ADC.o)
                0x00000b3c                ADC_Enable
 .text.ADC_Start
                0x00000c14       0x28 .\CortexM3\ARM_GCC_541\Debug\speed_sensor.a(ADC.o)
                0x00000c14                ADC_Start
 .text.ADC_StartConvert
                0x00000c3c       0x10 .\CortexM3\ARM_GCC_541\Debug\speed_sensor.a(ADC.o)
                0x00000c3c                ADC_StartConvert
 .text.ADC_StopConvert
                0x00000c4c       0x10 .\CortexM3\ARM_GCC_541\Debug\speed_sensor.a(ADC.o)
                0x00000c4c                ADC_StopConvert
 .text.ADC_IsEndConversion
                0x00000c5c       0x30 .\CortexM3\ARM_GCC_541\Debug\speed_sensor.a(ADC.o)
                0x00000c5c                ADC_IsEndConversion
 .text.ADC_GetResult32
                0x00000c8c       0x6c .\CortexM3\ARM_GCC_541\Debug\speed_sensor.a(ADC.o)
                0x00000c8c                ADC_GetResult32
 .text.ADC_Read32
                0x00000cf8       0x28 .\CortexM3\ARM_GCC_541\Debug\speed_sensor.a(ADC.o)
                0x00000cf8                ADC_Read32
 .text.ADC_ISR1
                0x00000d20        0x4 .\CortexM3\ARM_GCC_541\Debug\speed_sensor.a(ADC_INT.o)
                0x00000d20                ADC_ISR1
 .text.ADC_ISR2
                0x00000d24        0x4 .\CortexM3\ARM_GCC_541\Debug\speed_sensor.a(ADC_INT.o)
                0x00000d24                ADC_ISR2
 .text.ADC_ISR3
                0x00000d28        0x4 .\CortexM3\ARM_GCC_541\Debug\speed_sensor.a(ADC_INT.o)
                0x00000d28                ADC_ISR3
 .text.ADC_ISR4
                0x00000d2c        0x4 .\CortexM3\ARM_GCC_541\Debug\speed_sensor.a(ADC_INT.o)
                0x00000d2c                ADC_ISR4
 .text.UART_Init
                0x00000d30       0x24 .\CortexM3\ARM_GCC_541\Debug\speed_sensor.a(UART.o)
                0x00000d30                UART_Init
 .text.UART_Enable
                0x00000d54       0x38 .\CortexM3\ARM_GCC_541\Debug\speed_sensor.a(UART.o)
                0x00000d54                UART_Enable
 .text.UART_Start
                0x00000d8c       0x1c .\CortexM3\ARM_GCC_541\Debug\speed_sensor.a(UART.o)
                0x00000d8c                UART_Start
 .text.UART_GetChar
                0x00000da8       0x2c .\CortexM3\ARM_GCC_541\Debug\speed_sensor.a(UART.o)
                0x00000da8                UART_GetChar
 .text.UART_PutChar
                0x00000dd4       0x18 .\CortexM3\ARM_GCC_541\Debug\speed_sensor.a(UART.o)
                0x00000dd4                UART_PutChar
 .text.LED_red_Write
                0x00000dec       0x18 .\CortexM3\ARM_GCC_541\Debug\speed_sensor.a(LED_red.o)
                0x00000dec                LED_red_Write
 .text.LED_yellow_Write
                0x00000e04       0x18 .\CortexM3\ARM_GCC_541\Debug\speed_sensor.a(LED_yellow.o)
                0x00000e04                LED_yellow_Write
 .text.LED_green_Write
                0x00000e1c       0x18 .\CortexM3\ARM_GCC_541\Debug\speed_sensor.a(LED_green.o)
                0x00000e1c                LED_green_Write
 .text.ADC_AMux_Start
                0x00000e34       0x20 .\CortexM3\ARM_GCC_541\Debug\speed_sensor.a(ADC_AMux.o)
                0x00000e34                ADC_AMux_Start
 .text.ADC_AMux_Select
                0x00000e54       0x18 .\CortexM3\ARM_GCC_541\Debug\speed_sensor.a(ADC_AMux.o)
                0x00000e54                ADC_AMux_Select
 .text.ADC_Ext_CP_Clk_GetDividerRegister
                0x00000e6c        0xc .\CortexM3\ARM_GCC_541\Debug\speed_sensor.a(ADC_Ext_CP_Clk.o)
                0x00000e6c                ADC_Ext_CP_Clk_GetDividerRegister
 .text.ADC_Ext_CP_Clk_SetModeRegister
                0x00000e78       0x14 .\CortexM3\ARM_GCC_541\Debug\speed_sensor.a(ADC_Ext_CP_Clk.o)
                0x00000e78                ADC_Ext_CP_Clk_SetModeRegister
 .text.ADC_Ext_CP_Clk_GetSourceRegister
                0x00000e8c       0x10 .\CortexM3\ARM_GCC_541\Debug\speed_sensor.a(ADC_Ext_CP_Clk.o)
                0x00000e8c                ADC_Ext_CP_Clk_GetSourceRegister
 .text.ADC_Ext_CP_Clk_SetDividerRegister
                0x00000e9c       0xd8 .\CortexM3\ARM_GCC_541\Debug\speed_sensor.a(ADC_Ext_CP_Clk.o)
                0x00000e9c                ADC_Ext_CP_Clk_SetDividerRegister
 .text.ADC_theACLK_GetDividerRegister
                0x00000f74        0xc .\CortexM3\ARM_GCC_541\Debug\speed_sensor.a(ADC_theACLK.o)
                0x00000f74                ADC_theACLK_GetDividerRegister
 .text.ADC_theACLK_SetModeRegister
                0x00000f80       0x14 .\CortexM3\ARM_GCC_541\Debug\speed_sensor.a(ADC_theACLK.o)
                0x00000f80                ADC_theACLK_SetModeRegister
 .text.ADC_theACLK_GetSourceRegister
                0x00000f94       0x10 .\CortexM3\ARM_GCC_541\Debug\speed_sensor.a(ADC_theACLK.o)
                0x00000f94                ADC_theACLK_GetSourceRegister
 .text.ADC_theACLK_SetDividerRegister
                0x00000fa4       0xd8 .\CortexM3\ARM_GCC_541\Debug\speed_sensor.a(ADC_theACLK.o)
                0x00000fa4                ADC_theACLK_SetDividerRegister
 .text.UART_IntClock_Start
                0x0000107c       0x1c .\CortexM3\ARM_GCC_541\Debug\speed_sensor.a(UART_IntClock.o)
                0x0000107c                UART_IntClock_Start
 .text.CyDmacConfigure
                0x00001098       0x34 .\CortexM3\ARM_GCC_541\Debug\speed_sensor.a(CyDmac.o)
                0x00001098                CyDmacConfigure
 .text.CyDmaChEnable
                0x000010cc       0x38 .\CortexM3\ARM_GCC_541\Debug\speed_sensor.a(CyDmac.o)
                0x000010cc                CyDmaChEnable
 .text.CyDmaChPriority
                0x00001104       0x24 .\CortexM3\ARM_GCC_541\Debug\speed_sensor.a(CyDmac.o)
                0x00001104                CyDmaChPriority
 .text.CyDmaChSetExtendedAddress
                0x00001128       0x34 .\CortexM3\ARM_GCC_541\Debug\speed_sensor.a(CyDmac.o)
                0x00001128                CyDmaChSetExtendedAddress
 .text.CyDmaChSetInitialTd
                0x0000115c       0x18 .\CortexM3\ARM_GCC_541\Debug\speed_sensor.a(CyDmac.o)
                0x0000115c                CyDmaChSetInitialTd
 .text.CyDmaChSetConfiguration
                0x00001174       0x44 .\CortexM3\ARM_GCC_541\Debug\speed_sensor.a(CyDmac.o)
                0x00001174                CyDmaChSetConfiguration
 .text.CyDmaTdAllocate
                0x000011b8       0x34 .\CortexM3\ARM_GCC_541\Debug\speed_sensor.a(CyDmac.o)
                0x000011b8                CyDmaTdAllocate
 .text.CyDmaTdSetConfiguration
                0x000011ec       0x28 .\CortexM3\ARM_GCC_541\Debug\speed_sensor.a(CyDmac.o)
                0x000011ec                CyDmaTdSetConfiguration
 .text.CyDmaTdSetAddress
                0x00001214       0x1c .\CortexM3\ARM_GCC_541\Debug\speed_sensor.a(CyDmac.o)
                0x00001214                CyDmaTdSetAddress
 .text.CyHalt   0x00001230        0x4 .\CortexM3\ARM_GCC_541\Debug\speed_sensor.a(CyLib.o)
                0x00001230                CyHalt
 .text.CyDelayUs
                0x00001234       0x14 .\CortexM3\ARM_GCC_541\Debug\speed_sensor.a(CyLib.o)
                0x00001234                CyDelayUs
 .text.CyIntSetVector
                0x00001248       0x28 .\CortexM3\ARM_GCC_541\Debug\speed_sensor.a(CyLib.o)
                0x00001248                CyIntSetVector
 .text.CyIntSetPriority
                0x00001270       0x30 .\CortexM3\ARM_GCC_541\Debug\speed_sensor.a(CyLib.o)
                0x00001270                CyIntSetPriority
 .text.isr_btn_SetVector
                0x000012a0        0xc .\CortexM3\ARM_GCC_541\Debug\speed_sensor.a(isr_btn.o)
                0x000012a0                isr_btn_SetVector
 .text.isr_btn_SetPriority
                0x000012ac       0x10 .\CortexM3\ARM_GCC_541\Debug\speed_sensor.a(isr_btn.o)
                0x000012ac                isr_btn_SetPriority
 .text.isr_btn_Enable
                0x000012bc        0xc .\CortexM3\ARM_GCC_541\Debug\speed_sensor.a(isr_btn.o)
                0x000012bc                isr_btn_Enable
 .text.isr_btn_Disable
                0x000012c8        0xc .\CortexM3\ARM_GCC_541\Debug\speed_sensor.a(isr_btn.o)
                0x000012c8                isr_btn_Disable
 .text.isr_btn_StartEx
                0x000012d4       0x1c .\CortexM3\ARM_GCC_541\Debug\speed_sensor.a(isr_btn.o)
                0x000012d4                isr_btn_StartEx
 .text.DAC_Enable
                0x000012f0       0x28 .\CortexM3\ARM_GCC_541\Debug\speed_sensor.a(DAC.o)
                0x000012f0                DAC_Enable
 .text.DAC_Wave1Setup
                0x00001318       0x40 .\CortexM3\ARM_GCC_541\Debug\speed_sensor.a(DAC.o)
                0x00001318                DAC_Wave1Setup
 .text.DAC_Wave2Setup
                0x00001358       0x40 .\CortexM3\ARM_GCC_541\Debug\speed_sensor.a(DAC.o)
                0x00001358                DAC_Wave2Setup
 .text.DAC_Init
                0x00001398       0x40 .\CortexM3\ARM_GCC_541\Debug\speed_sensor.a(DAC.o)
                0x00001398                DAC_Init
 .text.DAC_Start
                0x000013d8       0x1c .\CortexM3\ARM_GCC_541\Debug\speed_sensor.a(DAC.o)
                0x000013d8                DAC_Start
 .text.DAC_DacClk_Start
                0x000013f4       0x1c .\CortexM3\ARM_GCC_541\Debug\speed_sensor.a(DAC_DacClk.o)
                0x000013f4                DAC_DacClk_Start
 .text.DAC_Wave1_DMA_DmaInitialize
                0x00001410       0x3c .\CortexM3\ARM_GCC_541\Debug\speed_sensor.a(DAC_Wave1_DMA_dma.o)
                0x00001410                DAC_Wave1_DMA_DmaInitialize
 .text.DAC_Wave2_DMA_DmaInitialize
                0x0000144c       0x3c .\CortexM3\ARM_GCC_541\Debug\speed_sensor.a(DAC_Wave2_DMA_dma.o)
                0x0000144c                DAC_Wave2_DMA_DmaInitialize
 .text.DAC_VDAC8_Enable
                0x00001488       0x1c .\CortexM3\ARM_GCC_541\Debug\speed_sensor.a(DAC_VDAC8.o)
                0x00001488                DAC_VDAC8_Enable
 .text.DAC_VDAC8_SetSpeed
                0x000014a4       0x1c .\CortexM3\ARM_GCC_541\Debug\speed_sensor.a(DAC_VDAC8.o)
                0x000014a4                DAC_VDAC8_SetSpeed
 .text.DAC_VDAC8_SetValue
                0x000014c0        0xc .\CortexM3\ARM_GCC_541\Debug\speed_sensor.a(DAC_VDAC8.o)
                0x000014c0                DAC_VDAC8_SetValue
 .text.DAC_VDAC8_DacTrim
                0x000014cc       0x24 .\CortexM3\ARM_GCC_541\Debug\speed_sensor.a(DAC_VDAC8.o)
                0x000014cc                DAC_VDAC8_DacTrim
 .text.DAC_VDAC8_SetRange
                0x000014f0       0x20 .\CortexM3\ARM_GCC_541\Debug\speed_sensor.a(DAC_VDAC8.o)
                0x000014f0                DAC_VDAC8_SetRange
 .text.DAC_VDAC8_Init
                0x00001510       0x2c .\CortexM3\ARM_GCC_541\Debug\speed_sensor.a(DAC_VDAC8.o)
                0x00001510                DAC_VDAC8_Init
 .text.isr_uart_SetVector
                0x0000153c        0xc .\CortexM3\ARM_GCC_541\Debug\speed_sensor.a(isr_uart.o)
                0x0000153c                isr_uart_SetVector
 .text.isr_uart_SetPriority
                0x00001548       0x10 .\CortexM3\ARM_GCC_541\Debug\speed_sensor.a(isr_uart.o)
                0x00001548                isr_uart_SetPriority
 .text.isr_uart_Enable
                0x00001558        0xc .\CortexM3\ARM_GCC_541\Debug\speed_sensor.a(isr_uart.o)
                0x00001558                isr_uart_Enable
 .text.isr_uart_Disable
                0x00001564        0xc .\CortexM3\ARM_GCC_541\Debug\speed_sensor.a(isr_uart.o)
                0x00001564                isr_uart_Disable
 .text.isr_uart_StartEx
                0x00001570       0x1c .\CortexM3\ARM_GCC_541\Debug\speed_sensor.a(isr_uart.o)
                0x00001570                isr_uart_StartEx
 *fill*         0x0000158c        0x4 
 .text          0x00001590       0x20 .\CortexM3\ARM_GCC_541\Debug\speed_sensor.a(CyBootAsmGnu.o)
                0x00001590                CyDelayCycles
                0x000015a0                CyEnterCriticalSection
                0x000015a8                CyExitCriticalSection
 .text.__errno  0x000015b0        0xc c:/program files (x86)/cypress/psoc creator/4.4/psoc creator/import/gnu/arm/5.4.1/bin/../lib/gcc/arm-none-eabi/5.4.1/../../../../arm-none-eabi/lib/armv7-m\libg_nano.a(lib_a-errno.o)
                0x000015b0                __errno
 .text.__libc_init_array
                0x000015bc       0x4c c:/program files (x86)/cypress/psoc creator/4.4/psoc creator/import/gnu/arm/5.4.1/bin/../lib/gcc/arm-none-eabi/5.4.1/../../../../arm-none-eabi/lib/armv7-m\libg_nano.a(lib_a-init.o)
                0x000015bc                __libc_init_array
 .text.memcpy   0x00001608       0x16 c:/program files (x86)/cypress/psoc creator/4.4/psoc creator/import/gnu/arm/5.4.1/bin/../lib/gcc/arm-none-eabi/5.4.1/../../../../arm-none-eabi/lib/armv7-m\libg_nano.a(lib_a-memcpy-stub.o)
                0x00001608                memcpy
 .text.memset   0x0000161e       0x10 c:/program files (x86)/cypress/psoc creator/4.4/psoc creator/import/gnu/arm/5.4.1/bin/../lib/gcc/arm-none-eabi/5.4.1/../../../../arm-none-eabi/lib/armv7-m\libg_nano.a(lib_a-memset.o)
                0x0000161e                memset
 *(.plt)
 *(.gnu.warning)
 *(.glue_7t)
 .glue_7t       0x0000162e        0x0 linker stubs
 *(.glue_7)
 .glue_7        0x0000162e        0x0 linker stubs
 *(.vfp11_veneer)
 .vfp11_veneer  0x0000162e        0x0 linker stubs
 *(.bootloader)
 *(.ARM.extab* .gnu.linkonce.armextab.*)
 *(.gcc_except_table)

.v4_bx          0x00001630        0x0
 .v4_bx         0x00001630        0x0 linker stubs

.iplt           0x00001630        0x0
 .iplt          0x00001630        0x0 c:/program files (x86)/cypress/psoc creator/4.4/psoc creator/import/gnu/arm/5.4.1/bin/../lib/gcc/arm-none-eabi/5.4.1/armv7-m/crtbegin.o

.eh_frame_hdr
 *(.eh_frame_hdr)

.eh_frame       0x00001630        0x4
 *(.eh_frame)
 .eh_frame      0x00001630        0x0 c:/program files (x86)/cypress/psoc creator/4.4/psoc creator/import/gnu/arm/5.4.1/bin/../lib/gcc/arm-none-eabi/5.4.1/armv7-m/crtbegin.o
 .eh_frame      0x00001630        0x4 c:/program files (x86)/cypress/psoc creator/4.4/psoc creator/import/gnu/arm/5.4.1/bin/../lib/gcc/arm-none-eabi/5.4.1/armv7-m/crtend.o
                [!provide]                PROVIDE (__exidx_start, .)

.ARM.exidx
 *(.ARM.exidx* .gnu.linkonce.armexidx.*)
                0x00001634                __exidx_end = .

.rodata         0x00001634      0x4d4
 *(.rodata .rodata.* .gnu.linkonce.r.*)
 .rodata        0x00001634       0x4e .\CortexM3\ARM_GCC_541\Debug\cyfitter_cfg.o
                0x00001634                ADC_AMux__addrTable
                0x0000163c                ADC_AMux__maskTable
 *fill*         0x00001682        0x2 
 .rodata        0x00001684      0x44c .\CortexM3\ARM_GCC_541\Debug\speed_sensor.a(DAC.o)
                0x00001684                DAC_wave1
                0x00001a6c                DAC_wave2
 .rodata.str1.1
                0x00001ad0        0x2 c:/program files (x86)/cypress/psoc creator/4.4/psoc creator/import/gnu/arm/5.4.1/bin/../lib/gcc/arm-none-eabi/5.4.1/../../../../arm-none-eabi/lib/armv7-m\libg_nano.a(lib_a-impure.o)
                0x00001ad4                . = ALIGN (0x4)
 *fill*         0x00001ad2        0x2 
 *(.init)
 .init          0x00001ad4        0x4 c:/program files (x86)/cypress/psoc creator/4.4/psoc creator/import/gnu/arm/5.4.1/bin/../lib/gcc/arm-none-eabi/5.4.1/armv7-m/crti.o
                0x00001ad4                _init
 .init          0x00001ad8        0x8 c:/program files (x86)/cypress/psoc creator/4.4/psoc creator/import/gnu/arm/5.4.1/bin/../lib/gcc/arm-none-eabi/5.4.1/armv7-m/crtn.o
                0x00001ae0                . = ALIGN (0x4)
                0x00001ae0                __preinit_array_start = .
 *(.preinit_array)
                0x00001ae0                __preinit_array_end = .
                0x00001ae0                . = ALIGN (0x4)
                0x00001ae0                __init_array_start = .
 *(SORT(.init_array.*))
 *(.init_array)
 .init_array    0x00001ae0        0x4 c:/program files (x86)/cypress/psoc creator/4.4/psoc creator/import/gnu/arm/5.4.1/bin/../lib/gcc/arm-none-eabi/5.4.1/armv7-m/crtbegin.o
 .init_array    0x00001ae4        0x4 .\CortexM3\ARM_GCC_541\Debug\Cm3Start.o
                0x00001ae8                __init_array_end = .
                0x00001ae8                . = ALIGN (0x4)
 *(.fini)
 .fini          0x00001ae8        0x4 c:/program files (x86)/cypress/psoc creator/4.4/psoc creator/import/gnu/arm/5.4.1/bin/../lib/gcc/arm-none-eabi/5.4.1/armv7-m/crti.o
                0x00001ae8                _fini
 .fini          0x00001aec        0x8 c:/program files (x86)/cypress/psoc creator/4.4/psoc creator/import/gnu/arm/5.4.1/bin/../lib/gcc/arm-none-eabi/5.4.1/armv7-m/crtn.o
                0x00001af4                . = ALIGN (0x4)
                0x00001af4                __fini_array_start = .
 *(.fini_array)
 .fini_array    0x00001af4        0x4 c:/program files (x86)/cypress/psoc creator/4.4/psoc creator/import/gnu/arm/5.4.1/bin/../lib/gcc/arm-none-eabi/5.4.1/armv7-m/crtbegin.o
 *(SORT(.fini_array.*))
                0x00001af8                __fini_array_end = .
                0x00001af8                . = ALIGN (0x4)
 *crtbegin.o(.ctors)
 *(EXCLUDE_FILE(*crtend.o) .ctors)
 *(SORT(.ctors.*))
 *crtend.o(.ctors)
                0x00001af8                . = ALIGN (0x4)
 *crtbegin.o(.dtors)
 *(EXCLUDE_FILE(*crtend.o) .dtors)
 *(SORT(.dtors.*))
 *crtend.o(.dtors)
                0x00001af8                . = ALIGN (0x4)
                0x00001af8                __cy_regions = .
                0x00001af8        0x4 LONG 0x1b08 __cy_region_init_ram
                0x00001afc        0x4 LONG 0x1fff80c8 __cy_region_start_data
                0x00001b00        0x4 LONG 0x88 __cy_region_init_size_ram
                0x00001b04        0x4 LONG 0x858 __cy_region_zero_size_ram
                0x00001b08                __cy_regions_end = .
                0x00001b08                . = ALIGN (0x8)
                0x00001b08                _etext = .

.cy_checksum_exclude
                0x00001b08        0x0
 *(.cy_checksum_exclude)

.ramvectors     0x1fff8000       0xc0
                0x1fff8000                __cy_region_start_ram = .
 *(.ramvectors)
 .ramvectors    0x1fff8000       0xc0 .\CortexM3\ARM_GCC_541\Debug\Cm3Start.o
                0x1fff8000                CyRamVectors

.noinit         0x1fff80c0        0x1
 *(.noinit)
 .noinit        0x1fff80c0        0x1 .\CortexM3\ARM_GCC_541\Debug\speed_sensor.a(CyLib.o)
                0x1fff80c0                CyResetStatus

.data           0x1fff80c8       0x88 load address 0x00001b08
                0x1fff80c8                __cy_region_start_data = .
 *(.jcr)
 .jcr           0x1fff80c8        0x0 c:/program files (x86)/cypress/psoc creator/4.4/psoc creator/import/gnu/arm/5.4.1/bin/../lib/gcc/arm-none-eabi/5.4.1/armv7-m/crtbegin.o
 .jcr           0x1fff80c8        0x4 c:/program files (x86)/cypress/psoc creator/4.4/psoc creator/import/gnu/arm/5.4.1/bin/../lib/gcc/arm-none-eabi/5.4.1/armv7-m/crtend.o
 *(.got.plt)
 *(.got)
 *(.shdata)
 *(.data .data.* .gnu.linkonce.d.*)
 .data          0x1fff80cc        0x1 .\CortexM3\ARM_GCC_541\Debug\speed_sensor.a(ADC.o)
                0x1fff80cc                ADC_Config
 .data          0x1fff80cd        0x1 .\CortexM3\ARM_GCC_541\Debug\speed_sensor.a(ADC_AMux.o)
 *fill*         0x1fff80ce        0x2 
 .data          0x1fff80d0        0x8 .\CortexM3\ARM_GCC_541\Debug\speed_sensor.a(CyDmac.o)
 .data          0x1fff80d8       0x10 .\CortexM3\ARM_GCC_541\Debug\speed_sensor.a(CyLib.o)
                0x1fff80d8                cydelay_32k_ms
                0x1fff80dc                cydelay_freq_khz
                0x1fff80e0                cydelay_freq_mhz
                0x1fff80e4                cydelay_freq_hz
 .data          0x1fff80e8        0x1 .\CortexM3\ARM_GCC_541\Debug\speed_sensor.a(DAC_Wave1_DMA_dma.o)
                0x1fff80e8                DAC_Wave1_DMA_DmaHandle
 .data          0x1fff80e9        0x1 .\CortexM3\ARM_GCC_541\Debug\speed_sensor.a(DAC_Wave2_DMA_dma.o)
                0x1fff80e9                DAC_Wave2_DMA_DmaHandle
 *fill*         0x1fff80ea        0x2 
 .data.impure_data
                0x1fff80ec       0x60 c:/program files (x86)/cypress/psoc creator/4.4/psoc creator/import/gnu/arm/5.4.1/bin/../lib/gcc/arm-none-eabi/5.4.1/../../../../arm-none-eabi/lib/armv7-m\libg_nano.a(lib_a-impure.o)
 .data._impure_ptr
                0x1fff814c        0x4 c:/program files (x86)/cypress/psoc creator/4.4/psoc creator/import/gnu/arm/5.4.1/bin/../lib/gcc/arm-none-eabi/5.4.1/../../../../arm-none-eabi/lib/armv7-m\libg_nano.a(lib_a-impure.o)
                0x1fff814c                _impure_ptr
                0x1fff8150                . = ALIGN (0x8)
 *(.ram)
                0x1fff8150                _edata = .

.igot.plt       0x1fff8150        0x0 load address 0x00001b90
 .igot.plt      0x1fff8150        0x0 c:/program files (x86)/cypress/psoc creator/4.4/psoc creator/import/gnu/arm/5.4.1/bin/../lib/gcc/arm-none-eabi/5.4.1/armv7-m/crtbegin.o

.bss            0x1fff8150      0x858 load address 0x00001b90
                0x1fff8150                PROVIDE (__bss_start__, .)
 *(.shbss)
 *(.bss .bss.* .gnu.linkonce.b.*)
 .bss           0x1fff8150       0x1c c:/program files (x86)/cypress/psoc creator/4.4/psoc creator/import/gnu/arm/5.4.1/bin/../lib/gcc/arm-none-eabi/5.4.1/armv7-m/crtbegin.o
 .bss           0x1fff816c        0xc .\CortexM3\ARM_GCC_541\Debug\statemachine.o
                0x1fff816c                charS
                0x1fff8170                state
                0x1fff8174                charO
 .bss           0x1fff8178       0x18 .\CortexM3\ARM_GCC_541\Debug\speed_sensor.a(ADC.o)
                0x1fff8188                ADC_stopConversion
                0x1fff8189                ADC_convDone
                0x1fff818a                ADC_initVar
                0x1fff818b                ADC_started
                0x1fff818c                ADC_Offset
 .bss           0x1fff8190        0x2 .\CortexM3\ARM_GCC_541\Debug\speed_sensor.a(UART.o)
                0x1fff8190                UART_initVar
 .bss           0x1fff8192        0x5 .\CortexM3\ARM_GCC_541\Debug\speed_sensor.a(DAC.o)
                0x1fff8196                DAC_initVar
 *(COMMON)
 *fill*         0x1fff8197        0x1 
 COMMON         0x1fff8198      0x80c .\CortexM3\ARM_GCC_541\Debug\statemachine.o
                0x1fff8198                OutPut_mv
                0x1fff819c                OutPut
                0x1fff81a0                high
                0x1fff81a1                low
                0x1fff81a2                count
                0x1fff81a3                ch
                0x1fff81a4                sample
 COMMON         0x1fff89a4        0x4 .\CortexM3\ARM_GCC_541\Debug\speed_sensor.a(ADC.o)
                0x1fff89a4                ADC_CountsPerVolt
                0x1fff89a8                . = ALIGN (0x8)
 *(.ram.b)
                0x1fff89a8                _end = .
                0x1fff89a8                __end = .
                0x1fff89a8                PROVIDE (end, .)
                0x1fff89a8                PROVIDE (__bss_end__, .)
                0x00001b08                __cy_region_init_ram = LOADADDR (.data)
                0x00000088                __cy_region_init_size_ram = (_edata - ADDR (.data))
                0x00000858                __cy_region_zero_size_ram = (_end - _edata)

.heap           0x1fff89a8       0x80 load address 0x00001b90
                0x1fff89a8                . = _end
                0x1fff8a28                . = (. + 0x80)
 *fill*         0x1fff89a8       0x80 
                0x1fff8a28                __cy_heap_limit = .

.stack          0x20007800      0x800
                0x20007800                __cy_stack_limit = .
                0x20008000                . = (. + 0x800)
 *fill*         0x20007800      0x800 
                0x00000001                ASSERT ((__cy_stack_limit >= __cy_heap_limit), region RAM overflowed with stack)
                0x00000000                cy_checksum_exclude_size = (CY_APPL_LOADABLE == 0x1)?SIZEOF (.cy_checksum_exclude):0x0
                0x00000001                ASSERT ((cy_checksum_exclude_size <= CY_CHECKSUM_EXCLUDE_SIZE), CY_BOOT: Section .cy_checksum_exclude size exceedes specified limit.)

.cyloadermeta
 *(.cyloadermeta)

.cyloadablemeta
 *(.cyloadablemeta)

.cyconfigecc    0x80000000      0x498
 *(.cyconfigecc)
 .cyconfigecc   0x80000000      0x498 .\CortexM3\ARM_GCC_541\Debug\cymetadata.o
                0x80000000                cy_meta_configecc

.cycustnvl      0x90000000        0x4
 *(.cycustnvl)
 .cycustnvl     0x90000000        0x4 .\CortexM3\ARM_GCC_541\Debug\cymetadata.o
                0x90000000                cy_meta_custnvl

.cywolatch      0x90100000        0x4
 *(.cywolatch)
 .cywolatch     0x90100000        0x4 .\CortexM3\ARM_GCC_541\Debug\cymetadata.o
                0x90100000                cy_meta_wonvl

.cyeeprom       0x90200000        0x0
 *(.cyeeprom)
                0x00000001                ASSERT ((. <= ((0x90200000 + ee_offset) + ee_size)), .cyeeprom data will not fit in EEPROM)

.cyflashprotect
                0x90400000      0x100
 *(.cyflashprotect)
 .cyflashprotect
                0x90400000      0x100 .\CortexM3\ARM_GCC_541\Debug\cymetadata.o
                0x90400000                cy_meta_flashprotect

.cymeta         0x90500000        0xc
 *(.cymeta)
 .cymeta        0x90500000        0xc .\CortexM3\ARM_GCC_541\Debug\cymetadata.o
                0x90500000                cy_metadata

.rel.dyn        0x00001b90        0x0 load address 0x9050000c
 .rel.iplt      0x00001b90        0x0 c:/program files (x86)/cypress/psoc creator/4.4/psoc creator/import/gnu/arm/5.4.1/bin/../lib/gcc/arm-none-eabi/5.4.1/armv7-m/crtbegin.o

.stab
 *(.stab)

.stabstr
 *(.stabstr)

.debug
 *(.debug)

.line
 *(.line)

.debug_srcinfo
 *(.debug_srcinfo)

.debug_sfnames
 *(.debug_sfnames)

.debug_aranges  0x00000000      0xd70
 *(.debug_aranges)
 .debug_aranges
                0x00000000       0x40 .\CortexM3\ARM_GCC_541\Debug\main.o
 .debug_aranges
                0x00000040       0x38 .\CortexM3\ARM_GCC_541\Debug\statemachine.o
 .debug_aranges
                0x00000078       0x68 .\CortexM3\ARM_GCC_541\Debug\cyfitter_cfg.o
 .debug_aranges
                0x000000e0       0x18 .\CortexM3\ARM_GCC_541\Debug\cymetadata.o
 .debug_aranges
                0x000000f8       0x48 .\CortexM3\ARM_GCC_541\Debug\Cm3Start.o
 .debug_aranges
                0x00000140       0x48 .\CortexM3\ARM_GCC_541\Debug\speed_sensor.a(Btn_startSample.o)
 .debug_aranges
                0x00000188       0xe8 .\CortexM3\ARM_GCC_541\Debug\speed_sensor.a(ADC.o)
 .debug_aranges
                0x00000270       0x38 .\CortexM3\ARM_GCC_541\Debug\speed_sensor.a(ADC_INT.o)
 .debug_aranges
                0x000002a8       0xf0 .\CortexM3\ARM_GCC_541\Debug\speed_sensor.a(UART.o)
 .debug_aranges
                0x00000398       0x38 .\CortexM3\ARM_GCC_541\Debug\speed_sensor.a(LED_red.o)
 .debug_aranges
                0x000003d0       0x38 .\CortexM3\ARM_GCC_541\Debug\speed_sensor.a(LED_yellow.o)
 .debug_aranges
                0x00000408       0x38 .\CortexM3\ARM_GCC_541\Debug\speed_sensor.a(LED_green.o)
 .debug_aranges
                0x00000440       0x30 .\CortexM3\ARM_GCC_541\Debug\speed_sensor.a(ADC_AMux.o)
 .debug_aranges
                0x00000470       0x70 .\CortexM3\ARM_GCC_541\Debug\speed_sensor.a(ADC_Ext_CP_Clk.o)
 .debug_aranges
                0x000004e0       0x80 .\CortexM3\ARM_GCC_541\Debug\speed_sensor.a(ADC_theACLK.o)
 .debug_aranges
                0x00000560       0x70 .\CortexM3\ARM_GCC_541\Debug\speed_sensor.a(UART_IntClock.o)
 .debug_aranges
                0x000005d0       0xd8 .\CortexM3\ARM_GCC_541\Debug\speed_sensor.a(CyDmac.o)
 .debug_aranges
                0x000006a8      0x2a0 .\CortexM3\ARM_GCC_541\Debug\speed_sensor.a(CyLib.o)
 .debug_aranges
                0x00000948       0x98 .\CortexM3\ARM_GCC_541\Debug\speed_sensor.a(cyPm.o)
 .debug_aranges
                0x000009e0       0x80 .\CortexM3\ARM_GCC_541\Debug\speed_sensor.a(isr_btn.o)
 .debug_aranges
                0x00000a60       0x50 .\CortexM3\ARM_GCC_541\Debug\speed_sensor.a(DAC.o)
 .debug_aranges
                0x00000ab0       0x70 .\CortexM3\ARM_GCC_541\Debug\speed_sensor.a(DAC_DacClk.o)
 .debug_aranges
                0x00000b20       0x28 .\CortexM3\ARM_GCC_541\Debug\speed_sensor.a(DAC_Wave1_DMA_dma.o)
 .debug_aranges
                0x00000b48       0x28 .\CortexM3\ARM_GCC_541\Debug\speed_sensor.a(DAC_Wave2_DMA_dma.o)
 .debug_aranges
                0x00000b70       0x58 .\CortexM3\ARM_GCC_541\Debug\speed_sensor.a(DAC_VDAC8.o)
 .debug_aranges
                0x00000bc8       0x80 .\CortexM3\ARM_GCC_541\Debug\speed_sensor.a(isr_uart.o)
 .debug_aranges
                0x00000c48       0x20 .\CortexM3\ARM_GCC_541\Debug\speed_sensor.a(CyBootAsmGnu.o)
 .debug_aranges
                0x00000c68       0x88 .\CortexM3\ARM_GCC_541\Debug\speed_sensor.a(CyFlash.o)
 .debug_aranges
                0x00000cf0       0x80 .\CortexM3\ARM_GCC_541\Debug\speed_sensor.a(CySpc.o)

.debug_pubnames
 *(.debug_pubnames)

.debug_info     0x00000000     0x7804
 *(.debug_info .gnu.linkonce.wi.*)
 .debug_info    0x00000000      0x28b .\CortexM3\ARM_GCC_541\Debug\main.o
 .debug_info    0x0000028b      0x38e .\CortexM3\ARM_GCC_541\Debug\statemachine.o
 .debug_info    0x00000619      0x6a0 .\CortexM3\ARM_GCC_541\Debug\cyfitter_cfg.o
 .debug_info    0x00000cb9      0x136 .\CortexM3\ARM_GCC_541\Debug\cymetadata.o
 .debug_info    0x00000def      0x3cf .\CortexM3\ARM_GCC_541\Debug\Cm3Start.o
 .debug_info    0x000011be      0x174 .\CortexM3\ARM_GCC_541\Debug\speed_sensor.a(Btn_startSample.o)
 .debug_info    0x00001332      0xbed .\CortexM3\ARM_GCC_541\Debug\speed_sensor.a(ADC.o)
 .debug_info    0x00001f1f       0xd3 .\CortexM3\ARM_GCC_541\Debug\speed_sensor.a(ADC_INT.o)
 .debug_info    0x00001ff2      0x60c .\CortexM3\ARM_GCC_541\Debug\speed_sensor.a(UART.o)
 .debug_info    0x000025fe      0x11f .\CortexM3\ARM_GCC_541\Debug\speed_sensor.a(LED_red.o)
 .debug_info    0x0000271d      0x11f .\CortexM3\ARM_GCC_541\Debug\speed_sensor.a(LED_yellow.o)
 .debug_info    0x0000283c      0x11f .\CortexM3\ARM_GCC_541\Debug\speed_sensor.a(LED_green.o)
 .debug_info    0x0000295b      0x165 .\CortexM3\ARM_GCC_541\Debug\speed_sensor.a(ADC_AMux.o)
 .debug_info    0x00002ac0      0x283 .\CortexM3\ARM_GCC_541\Debug\speed_sensor.a(ADC_Ext_CP_Clk.o)
 .debug_info    0x00002d43      0x2c4 .\CortexM3\ARM_GCC_541\Debug\speed_sensor.a(ADC_theACLK.o)
 .debug_info    0x00003007      0x283 .\CortexM3\ARM_GCC_541\Debug\speed_sensor.a(UART_IntClock.o)
 .debug_info    0x0000328a      0x94e .\CortexM3\ARM_GCC_541\Debug\speed_sensor.a(CyDmac.o)
 .debug_info    0x00003bd8     0x1374 .\CortexM3\ARM_GCC_541\Debug\speed_sensor.a(CyLib.o)
 .debug_info    0x00004f4c      0xa2a .\CortexM3\ARM_GCC_541\Debug\speed_sensor.a(cyPm.o)
 .debug_info    0x00005976      0x2d2 .\CortexM3\ARM_GCC_541\Debug\speed_sensor.a(isr_btn.o)
 .debug_info    0x00005c48      0x519 .\CortexM3\ARM_GCC_541\Debug\speed_sensor.a(DAC.o)
 .debug_info    0x00006161      0x283 .\CortexM3\ARM_GCC_541\Debug\speed_sensor.a(DAC_DacClk.o)
 .debug_info    0x000063e4      0x1aa .\CortexM3\ARM_GCC_541\Debug\speed_sensor.a(DAC_Wave1_DMA_dma.o)
 .debug_info    0x0000658e      0x1a7 .\CortexM3\ARM_GCC_541\Debug\speed_sensor.a(DAC_Wave2_DMA_dma.o)
 .debug_info    0x00006735      0x1de .\CortexM3\ARM_GCC_541\Debug\speed_sensor.a(DAC_VDAC8.o)
 .debug_info    0x00006913      0x2d2 .\CortexM3\ARM_GCC_541\Debug\speed_sensor.a(isr_uart.o)
 .debug_info    0x00006be5       0x82 .\CortexM3\ARM_GCC_541\Debug\speed_sensor.a(CyBootAsmGnu.o)
 .debug_info    0x00006c67      0x64d .\CortexM3\ARM_GCC_541\Debug\speed_sensor.a(CyFlash.o)
 .debug_info    0x000072b4      0x550 .\CortexM3\ARM_GCC_541\Debug\speed_sensor.a(CySpc.o)

.debug_abbrev   0x00000000     0x21ef
 *(.debug_abbrev)
 .debug_abbrev  0x00000000      0x111 .\CortexM3\ARM_GCC_541\Debug\main.o
 .debug_abbrev  0x00000111      0x168 .\CortexM3\ARM_GCC_541\Debug\statemachine.o
 .debug_abbrev  0x00000279      0x22d .\CortexM3\ARM_GCC_541\Debug\cyfitter_cfg.o
 .debug_abbrev  0x000004a6       0x77 .\CortexM3\ARM_GCC_541\Debug\cymetadata.o
 .debug_abbrev  0x0000051d      0x1e8 .\CortexM3\ARM_GCC_541\Debug\Cm3Start.o
 .debug_abbrev  0x00000705       0x90 .\CortexM3\ARM_GCC_541\Debug\speed_sensor.a(Btn_startSample.o)
 .debug_abbrev  0x00000795      0x1eb .\CortexM3\ARM_GCC_541\Debug\speed_sensor.a(ADC.o)
 .debug_abbrev  0x00000980       0x42 .\CortexM3\ARM_GCC_541\Debug\speed_sensor.a(ADC_INT.o)
 .debug_abbrev  0x000009c2      0x175 .\CortexM3\ARM_GCC_541\Debug\speed_sensor.a(UART.o)
 .debug_abbrev  0x00000b37       0x90 .\CortexM3\ARM_GCC_541\Debug\speed_sensor.a(LED_red.o)
 .debug_abbrev  0x00000bc7       0x90 .\CortexM3\ARM_GCC_541\Debug\speed_sensor.a(LED_yellow.o)
 .debug_abbrev  0x00000c57       0x90 .\CortexM3\ARM_GCC_541\Debug\speed_sensor.a(LED_green.o)
 .debug_abbrev  0x00000ce7       0xb1 .\CortexM3\ARM_GCC_541\Debug\speed_sensor.a(ADC_AMux.o)
 .debug_abbrev  0x00000d98      0x139 .\CortexM3\ARM_GCC_541\Debug\speed_sensor.a(ADC_Ext_CP_Clk.o)
 .debug_abbrev  0x00000ed1      0x121 .\CortexM3\ARM_GCC_541\Debug\speed_sensor.a(ADC_theACLK.o)
 .debug_abbrev  0x00000ff2      0x139 .\CortexM3\ARM_GCC_541\Debug\speed_sensor.a(UART_IntClock.o)
 .debug_abbrev  0x0000112b      0x1b2 .\CortexM3\ARM_GCC_541\Debug\speed_sensor.a(CyDmac.o)
 .debug_abbrev  0x000012dd      0x254 .\CortexM3\ARM_GCC_541\Debug\speed_sensor.a(CyLib.o)
 .debug_abbrev  0x00001531      0x1ab .\CortexM3\ARM_GCC_541\Debug\speed_sensor.a(cyPm.o)
 .debug_abbrev  0x000016dc      0x173 .\CortexM3\ARM_GCC_541\Debug\speed_sensor.a(isr_btn.o)
 .debug_abbrev  0x0000184f      0x114 .\CortexM3\ARM_GCC_541\Debug\speed_sensor.a(DAC.o)
 .debug_abbrev  0x00001963      0x139 .\CortexM3\ARM_GCC_541\Debug\speed_sensor.a(DAC_DacClk.o)
 .debug_abbrev  0x00001a9c       0xcd .\CortexM3\ARM_GCC_541\Debug\speed_sensor.a(DAC_Wave1_DMA_dma.o)
 .debug_abbrev  0x00001b69       0xcd .\CortexM3\ARM_GCC_541\Debug\speed_sensor.a(DAC_Wave2_DMA_dma.o)
 .debug_abbrev  0x00001c36       0xf7 .\CortexM3\ARM_GCC_541\Debug\speed_sensor.a(DAC_VDAC8.o)
 .debug_abbrev  0x00001d2d      0x173 .\CortexM3\ARM_GCC_541\Debug\speed_sensor.a(isr_uart.o)
 .debug_abbrev  0x00001ea0       0x14 .\CortexM3\ARM_GCC_541\Debug\speed_sensor.a(CyBootAsmGnu.o)
 .debug_abbrev  0x00001eb4      0x1a7 .\CortexM3\ARM_GCC_541\Debug\speed_sensor.a(CyFlash.o)
 .debug_abbrev  0x0000205b      0x194 .\CortexM3\ARM_GCC_541\Debug\speed_sensor.a(CySpc.o)

.debug_line     0x00000000     0x3321
 *(.debug_line)
 .debug_line    0x00000000      0x215 .\CortexM3\ARM_GCC_541\Debug\main.o
 .debug_line    0x00000215      0x24c .\CortexM3\ARM_GCC_541\Debug\statemachine.o
 .debug_line    0x00000461      0x225 .\CortexM3\ARM_GCC_541\Debug\cyfitter_cfg.o
 .debug_line    0x00000686      0x141 .\CortexM3\ARM_GCC_541\Debug\cymetadata.o
 .debug_line    0x000007c7      0x241 .\CortexM3\ARM_GCC_541\Debug\Cm3Start.o
 .debug_line    0x00000a08       0xc0 .\CortexM3\ARM_GCC_541\Debug\speed_sensor.a(Btn_startSample.o)
 .debug_line    0x00000ac8      0x3c1 .\CortexM3\ARM_GCC_541\Debug\speed_sensor.a(ADC.o)
 .debug_line    0x00000e89       0x80 .\CortexM3\ARM_GCC_541\Debug\speed_sensor.a(ADC_INT.o)
 .debug_line    0x00000f09      0x2bc .\CortexM3\ARM_GCC_541\Debug\speed_sensor.a(UART.o)
 .debug_line    0x000011c5       0x94 .\CortexM3\ARM_GCC_541\Debug\speed_sensor.a(LED_red.o)
 .debug_line    0x00001259       0x97 .\CortexM3\ARM_GCC_541\Debug\speed_sensor.a(LED_yellow.o)
 .debug_line    0x000012f0       0x96 .\CortexM3\ARM_GCC_541\Debug\speed_sensor.a(LED_green.o)
 .debug_line    0x00001386       0xac .\CortexM3\ARM_GCC_541\Debug\speed_sensor.a(ADC_AMux.o)
 .debug_line    0x00001432      0x17d .\CortexM3\ARM_GCC_541\Debug\speed_sensor.a(ADC_Ext_CP_Clk.o)
 .debug_line    0x000015af      0x19d .\CortexM3\ARM_GCC_541\Debug\speed_sensor.a(ADC_theACLK.o)
 .debug_line    0x0000174c      0x17c .\CortexM3\ARM_GCC_541\Debug\speed_sensor.a(UART_IntClock.o)
 .debug_line    0x000018c8      0x2e4 .\CortexM3\ARM_GCC_541\Debug\speed_sensor.a(CyDmac.o)
 .debug_line    0x00001bac      0x816 .\CortexM3\ARM_GCC_541\Debug\speed_sensor.a(CyLib.o)
 .debug_line    0x000023c2      0x367 .\CortexM3\ARM_GCC_541\Debug\speed_sensor.a(cyPm.o)
 .debug_line    0x00002729      0x134 .\CortexM3\ARM_GCC_541\Debug\speed_sensor.a(isr_btn.o)
 .debug_line    0x0000285d      0x13d .\CortexM3\ARM_GCC_541\Debug\speed_sensor.a(DAC.o)
 .debug_line    0x0000299a      0x179 .\CortexM3\ARM_GCC_541\Debug\speed_sensor.a(DAC_DacClk.o)
 .debug_line    0x00002b13       0x8a .\CortexM3\ARM_GCC_541\Debug\speed_sensor.a(DAC_Wave1_DMA_dma.o)
 .debug_line    0x00002b9d       0x8a .\CortexM3\ARM_GCC_541\Debug\speed_sensor.a(DAC_Wave2_DMA_dma.o)
 .debug_line    0x00002c27       0xe5 .\CortexM3\ARM_GCC_541\Debug\speed_sensor.a(DAC_VDAC8.o)
 .debug_line    0x00002d0c      0x135 .\CortexM3\ARM_GCC_541\Debug\speed_sensor.a(isr_uart.o)
 .debug_line    0x00002e41       0x66 .\CortexM3\ARM_GCC_541\Debug\speed_sensor.a(CyBootAsmGnu.o)
 .debug_line    0x00002ea7      0x21a .\CortexM3\ARM_GCC_541\Debug\speed_sensor.a(CyFlash.o)
 .debug_line    0x000030c1      0x260 .\CortexM3\ARM_GCC_541\Debug\speed_sensor.a(CySpc.o)

.debug_frame    0x00000000     0x2094
 *(.debug_frame)
 .debug_frame   0x00000000       0x9c .\CortexM3\ARM_GCC_541\Debug\main.o
 .debug_frame   0x0000009c       0x78 .\CortexM3\ARM_GCC_541\Debug\statemachine.o
 .debug_frame   0x00000114      0x104 .\CortexM3\ARM_GCC_541\Debug\cyfitter_cfg.o
 .debug_frame   0x00000218       0xb8 .\CortexM3\ARM_GCC_541\Debug\Cm3Start.o
 .debug_frame   0x000002d0       0x70 .\CortexM3\ARM_GCC_541\Debug\speed_sensor.a(Btn_startSample.o)
 .debug_frame   0x00000340      0x284 .\CortexM3\ARM_GCC_541\Debug\speed_sensor.a(ADC.o)
 .debug_frame   0x000005c4       0x50 .\CortexM3\ARM_GCC_541\Debug\speed_sensor.a(ADC_INT.o)
 .debug_frame   0x00000614      0x250 .\CortexM3\ARM_GCC_541\Debug\speed_sensor.a(UART.o)
 .debug_frame   0x00000864       0x50 .\CortexM3\ARM_GCC_541\Debug\speed_sensor.a(LED_red.o)
 .debug_frame   0x000008b4       0x50 .\CortexM3\ARM_GCC_541\Debug\speed_sensor.a(LED_yellow.o)
 .debug_frame   0x00000904       0x50 .\CortexM3\ARM_GCC_541\Debug\speed_sensor.a(LED_green.o)
 .debug_frame   0x00000954       0x64 .\CortexM3\ARM_GCC_541\Debug\speed_sensor.a(ADC_AMux.o)
 .debug_frame   0x000009b8       0xe0 .\CortexM3\ARM_GCC_541\Debug\speed_sensor.a(ADC_Ext_CP_Clk.o)
 .debug_frame   0x00000a98      0x100 .\CortexM3\ARM_GCC_541\Debug\speed_sensor.a(ADC_theACLK.o)
 .debug_frame   0x00000b98       0xe0 .\CortexM3\ARM_GCC_541\Debug\speed_sensor.a(UART_IntClock.o)
 .debug_frame   0x00000c78      0x1f8 .\CortexM3\ARM_GCC_541\Debug\speed_sensor.a(CyDmac.o)
 .debug_frame   0x00000e70      0x738 .\CortexM3\ARM_GCC_541\Debug\speed_sensor.a(CyLib.o)
 .debug_frame   0x000015a8      0x1f8 .\CortexM3\ARM_GCC_541\Debug\speed_sensor.a(cyPm.o)
 .debug_frame   0x000017a0      0x104 .\CortexM3\ARM_GCC_541\Debug\speed_sensor.a(isr_btn.o)
 .debug_frame   0x000018a4       0xe0 .\CortexM3\ARM_GCC_541\Debug\speed_sensor.a(DAC.o)
 .debug_frame   0x00001984       0xe0 .\CortexM3\ARM_GCC_541\Debug\speed_sensor.a(DAC_DacClk.o)
 .debug_frame   0x00001a64       0x54 .\CortexM3\ARM_GCC_541\Debug\speed_sensor.a(DAC_Wave1_DMA_dma.o)
 .debug_frame   0x00001ab8       0x54 .\CortexM3\ARM_GCC_541\Debug\speed_sensor.a(DAC_Wave2_DMA_dma.o)
 .debug_frame   0x00001b0c       0xb4 .\CortexM3\ARM_GCC_541\Debug\speed_sensor.a(DAC_VDAC8.o)
 .debug_frame   0x00001bc0      0x104 .\CortexM3\ARM_GCC_541\Debug\speed_sensor.a(isr_uart.o)
 .debug_frame   0x00001cc4      0x194 .\CortexM3\ARM_GCC_541\Debug\speed_sensor.a(CyFlash.o)
 .debug_frame   0x00001e58      0x180 .\CortexM3\ARM_GCC_541\Debug\speed_sensor.a(CySpc.o)
 .debug_frame   0x00001fd8       0x20 c:/program files (x86)/cypress/psoc creator/4.4/psoc creator/import/gnu/arm/5.4.1/bin/../lib/gcc/arm-none-eabi/5.4.1/../../../../arm-none-eabi/lib/armv7-m\libg_nano.a(lib_a-errno.o)
 .debug_frame   0x00001ff8       0x28 c:/program files (x86)/cypress/psoc creator/4.4/psoc creator/import/gnu/arm/5.4.1/bin/../lib/gcc/arm-none-eabi/5.4.1/../../../../arm-none-eabi/lib/armv7-m\libg_nano.a(lib_a-exit.o)
 .debug_frame   0x00002020       0x2c c:/program files (x86)/cypress/psoc creator/4.4/psoc creator/import/gnu/arm/5.4.1/bin/../lib/gcc/arm-none-eabi/5.4.1/../../../../arm-none-eabi/lib/armv7-m\libg_nano.a(lib_a-init.o)
 .debug_frame   0x0000204c       0x28 c:/program files (x86)/cypress/psoc creator/4.4/psoc creator/import/gnu/arm/5.4.1/bin/../lib/gcc/arm-none-eabi/5.4.1/../../../../arm-none-eabi/lib/armv7-m\libg_nano.a(lib_a-memcpy-stub.o)
 .debug_frame   0x00002074       0x20 c:/program files (x86)/cypress/psoc creator/4.4/psoc creator/import/gnu/arm/5.4.1/bin/../lib/gcc/arm-none-eabi/5.4.1/../../../../arm-none-eabi/lib/armv7-m\libg_nano.a(lib_a-memset.o)

.debug_str      0x00000000     0x2a6f
 *(.debug_str)
 .debug_str     0x00000000      0x26c .\CortexM3\ARM_GCC_541\Debug\main.o
                                0x2b4 (size before relaxing)
 .debug_str     0x0000026c       0xbe .\CortexM3\ARM_GCC_541\Debug\statemachine.o
                                0x2c2 (size before relaxing)
 .debug_str     0x0000032a      0x1ee .\CortexM3\ARM_GCC_541\Debug\cyfitter_cfg.o
                                0x382 (size before relaxing)
 .debug_str     0x00000518       0x7f .\CortexM3\ARM_GCC_541\Debug\cymetadata.o
                                0x1d6 (size before relaxing)
 .debug_str     0x00000597      0x14f .\CortexM3\ARM_GCC_541\Debug\Cm3Start.o
                                0x30c (size before relaxing)
 .debug_str     0x000006e6       0xc7 .\CortexM3\ARM_GCC_541\Debug\speed_sensor.a(Btn_startSample.o)
                                0x256 (size before relaxing)
 .debug_str     0x000007ad      0x3a4 .\CortexM3\ARM_GCC_541\Debug\speed_sensor.a(ADC.o)
                                0x5bb (size before relaxing)
 .debug_str     0x00000b51       0x45 .\CortexM3\ARM_GCC_541\Debug\speed_sensor.a(ADC_INT.o)
                                0x1b2 (size before relaxing)
 .debug_str     0x00000b96      0x269 .\CortexM3\ARM_GCC_541\Debug\speed_sensor.a(UART.o)
                                0x467 (size before relaxing)
 .debug_str     0x00000dff       0x57 .\CortexM3\ARM_GCC_541\Debug\speed_sensor.a(LED_red.o)
                                0x1de (size before relaxing)
 .debug_str     0x00000e56       0x63 .\CortexM3\ARM_GCC_541\Debug\speed_sensor.a(LED_yellow.o)
                                0x1ed (size before relaxing)
 .debug_str     0x00000eb9       0x5f .\CortexM3\ARM_GCC_541\Debug\speed_sensor.a(LED_green.o)
                                0x1e8 (size before relaxing)
 .debug_str     0x00000f18       0x5f .\CortexM3\ARM_GCC_541\Debug\speed_sensor.a(ADC_AMux.o)
                                0x1f1 (size before relaxing)
 .debug_str     0x00000f77      0x16d .\CortexM3\ARM_GCC_541\Debug\speed_sensor.a(ADC_Ext_CP_Clk.o)
                                0x334 (size before relaxing)
 .debug_str     0x000010e4      0x14f .\CortexM3\ARM_GCC_541\Debug\speed_sensor.a(ADC_theACLK.o)
                                0x353 (size before relaxing)
 .debug_str     0x00001233      0x138 .\CortexM3\ARM_GCC_541\Debug\speed_sensor.a(UART_IntClock.o)
                                0x328 (size before relaxing)
 .debug_str     0x0000136b      0x357 .\CortexM3\ARM_GCC_541\Debug\speed_sensor.a(CyDmac.o)
                                0x53c (size before relaxing)
 .debug_str     0x000016c2      0x7ca .\CortexM3\ARM_GCC_541\Debug\speed_sensor.a(CyLib.o)
                                0xa39 (size before relaxing)
 .debug_str     0x00001e8c      0x365 .\CortexM3\ARM_GCC_541\Debug\speed_sensor.a(cyPm.o)
                                0x725 (size before relaxing)
 .debug_str     0x000021f1       0xf2 .\CortexM3\ARM_GCC_541\Debug\speed_sensor.a(isr_btn.o)
                                0x2b4 (size before relaxing)
 .debug_str     0x000022e3      0x1b6 .\CortexM3\ARM_GCC_541\Debug\speed_sensor.a(DAC.o)
                                0x3ac (size before relaxing)
 .debug_str     0x00002499      0x11a .\CortexM3\ARM_GCC_541\Debug\speed_sensor.a(DAC_DacClk.o)
                                0x304 (size before relaxing)
 .debug_str     0x000025b3       0x97 .\CortexM3\ARM_GCC_541\Debug\speed_sensor.a(DAC_Wave1_DMA_dma.o)
                                0x27e (size before relaxing)
 .debug_str     0x0000264a       0x5c .\CortexM3\ARM_GCC_541\Debug\speed_sensor.a(DAC_Wave2_DMA_dma.o)
                                0x27e (size before relaxing)
 .debug_str     0x000026a6       0x63 .\CortexM3\ARM_GCC_541\Debug\speed_sensor.a(DAC_VDAC8.o)
                                0x239 (size before relaxing)
 .debug_str     0x00002709       0xff .\CortexM3\ARM_GCC_541\Debug\speed_sensor.a(isr_uart.o)
                                0x2c2 (size before relaxing)
 .debug_str     0x00002808      0x1bb .\CortexM3\ARM_GCC_541\Debug\speed_sensor.a(CyFlash.o)
                                0x3b2 (size before relaxing)
 .debug_str     0x000029c3       0xac .\CortexM3\ARM_GCC_541\Debug\speed_sensor.a(CySpc.o)
                                0x32a (size before relaxing)

.debug_loc      0x00000000     0x3995
 *(.debug_loc)
 .debug_loc     0x00000000       0xdb .\CortexM3\ARM_GCC_541\Debug\statemachine.o
 .debug_loc     0x000000db      0x29c .\CortexM3\ARM_GCC_541\Debug\cyfitter_cfg.o
 .debug_loc     0x00000377      0x144 .\CortexM3\ARM_GCC_541\Debug\Cm3Start.o
 .debug_loc     0x000004bb       0x84 .\CortexM3\ARM_GCC_541\Debug\speed_sensor.a(Btn_startSample.o)
 .debug_loc     0x0000053f      0x681 .\CortexM3\ARM_GCC_541\Debug\speed_sensor.a(ADC.o)
 .debug_loc     0x00000bc0      0x258 .\CortexM3\ARM_GCC_541\Debug\speed_sensor.a(UART.o)
 .debug_loc     0x00000e18       0x42 .\CortexM3\ARM_GCC_541\Debug\speed_sensor.a(LED_red.o)
 .debug_loc     0x00000e5a       0x42 .\CortexM3\ARM_GCC_541\Debug\speed_sensor.a(LED_yellow.o)
 .debug_loc     0x00000e9c       0x42 .\CortexM3\ARM_GCC_541\Debug\speed_sensor.a(LED_green.o)
 .debug_loc     0x00000ede       0x6c .\CortexM3\ARM_GCC_541\Debug\speed_sensor.a(ADC_AMux.o)
 .debug_loc     0x00000f4a      0x12c .\CortexM3\ARM_GCC_541\Debug\speed_sensor.a(ADC_Ext_CP_Clk.o)
 .debug_loc     0x00001076      0x14d .\CortexM3\ARM_GCC_541\Debug\speed_sensor.a(ADC_theACLK.o)
 .debug_loc     0x000011c3      0x128 .\CortexM3\ARM_GCC_541\Debug\speed_sensor.a(UART_IntClock.o)
 .debug_loc     0x000012eb      0xb8e .\CortexM3\ARM_GCC_541\Debug\speed_sensor.a(CyDmac.o)
 .debug_loc     0x00001e79      0xa11 .\CortexM3\ARM_GCC_541\Debug\speed_sensor.a(CyLib.o)
 .debug_loc     0x0000288a      0x1e4 .\CortexM3\ARM_GCC_541\Debug\speed_sensor.a(cyPm.o)
 .debug_loc     0x00002a6e       0x56 .\CortexM3\ARM_GCC_541\Debug\speed_sensor.a(isr_btn.o)
 .debug_loc     0x00002ac4      0x11b .\CortexM3\ARM_GCC_541\Debug\speed_sensor.a(DAC.o)
 .debug_loc     0x00002bdf      0x128 .\CortexM3\ARM_GCC_541\Debug\speed_sensor.a(DAC_DacClk.o)
 .debug_loc     0x00002d07       0x84 .\CortexM3\ARM_GCC_541\Debug\speed_sensor.a(DAC_Wave1_DMA_dma.o)
 .debug_loc     0x00002d8b       0x84 .\CortexM3\ARM_GCC_541\Debug\speed_sensor.a(DAC_Wave2_DMA_dma.o)
 .debug_loc     0x00002e0f       0x79 .\CortexM3\ARM_GCC_541\Debug\speed_sensor.a(DAC_VDAC8.o)
 .debug_loc     0x00002e88       0x56 .\CortexM3\ARM_GCC_541\Debug\speed_sensor.a(isr_uart.o)
 .debug_loc     0x00002ede      0x3b2 .\CortexM3\ARM_GCC_541\Debug\speed_sensor.a(CyFlash.o)
 .debug_loc     0x00003290      0x705 .\CortexM3\ARM_GCC_541\Debug\speed_sensor.a(CySpc.o)

.debug_macinfo
 *(.debug_macinfo)

.debug_ranges   0x00000000      0xb88
 *(.debug_ranges)
 .debug_ranges  0x00000000       0x30 .\CortexM3\ARM_GCC_541\Debug\main.o
 .debug_ranges  0x00000030       0x28 .\CortexM3\ARM_GCC_541\Debug\statemachine.o
 .debug_ranges  0x00000058       0x58 .\CortexM3\ARM_GCC_541\Debug\cyfitter_cfg.o
 .debug_ranges  0x000000b0       0x38 .\CortexM3\ARM_GCC_541\Debug\Cm3Start.o
 .debug_ranges  0x000000e8       0x38 .\CortexM3\ARM_GCC_541\Debug\speed_sensor.a(Btn_startSample.o)
 .debug_ranges  0x00000120       0xd8 .\CortexM3\ARM_GCC_541\Debug\speed_sensor.a(ADC.o)
 .debug_ranges  0x000001f8       0x28 .\CortexM3\ARM_GCC_541\Debug\speed_sensor.a(ADC_INT.o)
 .debug_ranges  0x00000220       0xe0 .\CortexM3\ARM_GCC_541\Debug\speed_sensor.a(UART.o)
 .debug_ranges  0x00000300       0x28 .\CortexM3\ARM_GCC_541\Debug\speed_sensor.a(LED_red.o)
 .debug_ranges  0x00000328       0x28 .\CortexM3\ARM_GCC_541\Debug\speed_sensor.a(LED_yellow.o)
 .debug_ranges  0x00000350       0x28 .\CortexM3\ARM_GCC_541\Debug\speed_sensor.a(LED_green.o)
 .debug_ranges  0x00000378       0x20 .\CortexM3\ARM_GCC_541\Debug\speed_sensor.a(ADC_AMux.o)
 .debug_ranges  0x00000398       0x60 .\CortexM3\ARM_GCC_541\Debug\speed_sensor.a(ADC_Ext_CP_Clk.o)
 .debug_ranges  0x000003f8       0x70 .\CortexM3\ARM_GCC_541\Debug\speed_sensor.a(ADC_theACLK.o)
 .debug_ranges  0x00000468       0x60 .\CortexM3\ARM_GCC_541\Debug\speed_sensor.a(UART_IntClock.o)
 .debug_ranges  0x000004c8       0xc8 .\CortexM3\ARM_GCC_541\Debug\speed_sensor.a(CyDmac.o)
 .debug_ranges  0x00000590      0x290 .\CortexM3\ARM_GCC_541\Debug\speed_sensor.a(CyLib.o)
 .debug_ranges  0x00000820       0x88 .\CortexM3\ARM_GCC_541\Debug\speed_sensor.a(cyPm.o)
 .debug_ranges  0x000008a8       0x70 .\CortexM3\ARM_GCC_541\Debug\speed_sensor.a(isr_btn.o)
 .debug_ranges  0x00000918       0x40 .\CortexM3\ARM_GCC_541\Debug\speed_sensor.a(DAC.o)
 .debug_ranges  0x00000958       0x60 .\CortexM3\ARM_GCC_541\Debug\speed_sensor.a(DAC_DacClk.o)
 .debug_ranges  0x000009b8       0x18 .\CortexM3\ARM_GCC_541\Debug\speed_sensor.a(DAC_Wave1_DMA_dma.o)
 .debug_ranges  0x000009d0       0x18 .\CortexM3\ARM_GCC_541\Debug\speed_sensor.a(DAC_Wave2_DMA_dma.o)
 .debug_ranges  0x000009e8       0x48 .\CortexM3\ARM_GCC_541\Debug\speed_sensor.a(DAC_VDAC8.o)
 .debug_ranges  0x00000a30       0x70 .\CortexM3\ARM_GCC_541\Debug\speed_sensor.a(isr_uart.o)
 .debug_ranges  0x00000aa0       0x78 .\CortexM3\ARM_GCC_541\Debug\speed_sensor.a(CyFlash.o)
 .debug_ranges  0x00000b18       0x70 .\CortexM3\ARM_GCC_541\Debug\speed_sensor.a(CySpc.o)

.comment        0x00000000       0x6e
 .comment       0x00000000       0x6e .\CortexM3\ARM_GCC_541\Debug\main.o
                                 0x6f (size before relaxing)
 .comment       0x0000006e       0x6f .\CortexM3\ARM_GCC_541\Debug\statemachine.o
 .comment       0x0000006e       0x6f .\CortexM3\ARM_GCC_541\Debug\cyfitter_cfg.o
 .comment       0x0000006e       0x6f .\CortexM3\ARM_GCC_541\Debug\cymetadata.o
 .comment       0x0000006e       0x6f .\CortexM3\ARM_GCC_541\Debug\Cm3Start.o
 .comment       0x0000006e       0x6f .\CortexM3\ARM_GCC_541\Debug\speed_sensor.a(Btn_startSample.o)
 .comment       0x0000006e       0x6f .\CortexM3\ARM_GCC_541\Debug\speed_sensor.a(ADC.o)
 .comment       0x0000006e       0x6f .\CortexM3\ARM_GCC_541\Debug\speed_sensor.a(ADC_INT.o)
 .comment       0x0000006e       0x6f .\CortexM3\ARM_GCC_541\Debug\speed_sensor.a(UART.o)
 .comment       0x0000006e       0x6f .\CortexM3\ARM_GCC_541\Debug\speed_sensor.a(LED_red.o)
 .comment       0x0000006e       0x6f .\CortexM3\ARM_GCC_541\Debug\speed_sensor.a(LED_yellow.o)
 .comment       0x0000006e       0x6f .\CortexM3\ARM_GCC_541\Debug\speed_sensor.a(LED_green.o)
 .comment       0x0000006e       0x6f .\CortexM3\ARM_GCC_541\Debug\speed_sensor.a(ADC_AMux.o)
 .comment       0x0000006e       0x6f .\CortexM3\ARM_GCC_541\Debug\speed_sensor.a(ADC_Ext_CP_Clk.o)
 .comment       0x0000006e       0x6f .\CortexM3\ARM_GCC_541\Debug\speed_sensor.a(ADC_theACLK.o)
 .comment       0x0000006e       0x6f .\CortexM3\ARM_GCC_541\Debug\speed_sensor.a(UART_IntClock.o)
 .comment       0x0000006e       0x6f .\CortexM3\ARM_GCC_541\Debug\speed_sensor.a(CyDmac.o)
 .comment       0x0000006e       0x6f .\CortexM3\ARM_GCC_541\Debug\speed_sensor.a(CyLib.o)
 .comment       0x0000006e       0x6f .\CortexM3\ARM_GCC_541\Debug\speed_sensor.a(cyPm.o)
 .comment       0x0000006e       0x6f .\CortexM3\ARM_GCC_541\Debug\speed_sensor.a(isr_btn.o)
 .comment       0x0000006e       0x6f .\CortexM3\ARM_GCC_541\Debug\speed_sensor.a(DAC.o)
 .comment       0x0000006e       0x6f .\CortexM3\ARM_GCC_541\Debug\speed_sensor.a(DAC_DacClk.o)
 .comment       0x0000006e       0x6f .\CortexM3\ARM_GCC_541\Debug\speed_sensor.a(DAC_Wave1_DMA_dma.o)
 .comment       0x0000006e       0x6f .\CortexM3\ARM_GCC_541\Debug\speed_sensor.a(DAC_Wave2_DMA_dma.o)
 .comment       0x0000006e       0x6f .\CortexM3\ARM_GCC_541\Debug\speed_sensor.a(DAC_VDAC8.o)
 .comment       0x0000006e       0x6f .\CortexM3\ARM_GCC_541\Debug\speed_sensor.a(isr_uart.o)
 .comment       0x0000006e       0x6f .\CortexM3\ARM_GCC_541\Debug\speed_sensor.a(CyFlash.o)
 .comment       0x0000006e       0x6f .\CortexM3\ARM_GCC_541\Debug\speed_sensor.a(CySpc.o)

.debug_weaknames
 *(.debug_weaknames)

.debug_funcnames
 *(.debug_funcnames)

.debug_typenames
 *(.debug_typenames)

.debug_varnames
 *(.debug_varnames)

.note.gnu.arm.ident
 *(.note.gnu.arm.ident)

.ARM.attributes
                0x00000000       0x29
 *(.ARM.attributes)
 .ARM.attributes
                0x00000000       0x1d c:/program files (x86)/cypress/psoc creator/4.4/psoc creator/import/gnu/arm/5.4.1/bin/../lib/gcc/arm-none-eabi/5.4.1/armv7-m/crti.o
 .ARM.attributes
                0x0000001d       0x2d c:/program files (x86)/cypress/psoc creator/4.4/psoc creator/import/gnu/arm/5.4.1/bin/../lib/gcc/arm-none-eabi/5.4.1/armv7-m/crtbegin.o
 .ARM.attributes
                0x0000004a       0x1b c:/program files (x86)/cypress/psoc creator/4.4/psoc creator/import/gnu/arm/5.4.1/bin/../lib/gcc/arm-none-eabi/5.4.1/../../../../arm-none-eabi/lib/armv7-m/crt0.o
 .ARM.attributes
                0x00000065       0x33 .\CortexM3\ARM_GCC_541\Debug\main.o
 .ARM.attributes
                0x00000098       0x33 .\CortexM3\ARM_GCC_541\Debug\statemachine.o
 .ARM.attributes
                0x000000cb       0x33 .\CortexM3\ARM_GCC_541\Debug\cyfitter_cfg.o
 .ARM.attributes
                0x000000fe       0x33 .\CortexM3\ARM_GCC_541\Debug\cymetadata.o
 .ARM.attributes
                0x00000131       0x33 .\CortexM3\ARM_GCC_541\Debug\Cm3Start.o
 .ARM.attributes
                0x00000164       0x33 .\CortexM3\ARM_GCC_541\Debug\speed_sensor.a(Btn_startSample.o)
 .ARM.attributes
                0x00000197       0x33 .\CortexM3\ARM_GCC_541\Debug\speed_sensor.a(ADC.o)
 .ARM.attributes
                0x000001ca       0x33 .\CortexM3\ARM_GCC_541\Debug\speed_sensor.a(ADC_INT.o)
 .ARM.attributes
                0x000001fd       0x33 .\CortexM3\ARM_GCC_541\Debug\speed_sensor.a(UART.o)
 .ARM.attributes
                0x00000230       0x33 .\CortexM3\ARM_GCC_541\Debug\speed_sensor.a(LED_red.o)
 .ARM.attributes
                0x00000263       0x33 .\CortexM3\ARM_GCC_541\Debug\speed_sensor.a(LED_yellow.o)
 .ARM.attributes
                0x00000296       0x33 .\CortexM3\ARM_GCC_541\Debug\speed_sensor.a(LED_green.o)
 .ARM.attributes
                0x000002c9       0x33 .\CortexM3\ARM_GCC_541\Debug\speed_sensor.a(ADC_AMux.o)
 .ARM.attributes
                0x000002fc       0x33 .\CortexM3\ARM_GCC_541\Debug\speed_sensor.a(ADC_Ext_CP_Clk.o)
 .ARM.attributes
                0x0000032f       0x33 .\CortexM3\ARM_GCC_541\Debug\speed_sensor.a(ADC_theACLK.o)
 .ARM.attributes
                0x00000362       0x33 .\CortexM3\ARM_GCC_541\Debug\speed_sensor.a(UART_IntClock.o)
 .ARM.attributes
                0x00000395       0x33 .\CortexM3\ARM_GCC_541\Debug\speed_sensor.a(CyDmac.o)
 .ARM.attributes
                0x000003c8       0x33 .\CortexM3\ARM_GCC_541\Debug\speed_sensor.a(CyLib.o)
 .ARM.attributes
                0x000003fb       0x33 .\CortexM3\ARM_GCC_541\Debug\speed_sensor.a(cyPm.o)
 .ARM.attributes
                0x0000042e       0x33 .\CortexM3\ARM_GCC_541\Debug\speed_sensor.a(isr_btn.o)
 .ARM.attributes
                0x00000461       0x33 .\CortexM3\ARM_GCC_541\Debug\speed_sensor.a(DAC.o)
 .ARM.attributes
                0x00000494       0x33 .\CortexM3\ARM_GCC_541\Debug\speed_sensor.a(DAC_DacClk.o)
 .ARM.attributes
                0x000004c7       0x33 .\CortexM3\ARM_GCC_541\Debug\speed_sensor.a(DAC_Wave1_DMA_dma.o)
 .ARM.attributes
                0x000004fa       0x33 .\CortexM3\ARM_GCC_541\Debug\speed_sensor.a(DAC_Wave2_DMA_dma.o)
 .ARM.attributes
                0x0000052d       0x33 .\CortexM3\ARM_GCC_541\Debug\speed_sensor.a(DAC_VDAC8.o)
 .ARM.attributes
                0x00000560       0x33 .\CortexM3\ARM_GCC_541\Debug\speed_sensor.a(isr_uart.o)
 .ARM.attributes
                0x00000593       0x21 .\CortexM3\ARM_GCC_541\Debug\speed_sensor.a(CyBootAsmGnu.o)
 .ARM.attributes
                0x000005b4       0x33 .\CortexM3\ARM_GCC_541\Debug\speed_sensor.a(CyFlash.o)
 .ARM.attributes
                0x000005e7       0x33 .\CortexM3\ARM_GCC_541\Debug\speed_sensor.a(CySpc.o)
 .ARM.attributes
                0x0000061a       0x1d c:/program files (x86)/cypress/psoc creator/4.4/psoc creator/import/gnu/arm/5.4.1/bin/../lib/gcc/arm-none-eabi/5.4.1/armv7-m\libgcc.a(_arm_addsubdf3.o)
 .ARM.attributes
                0x00000637       0x1d c:/program files (x86)/cypress/psoc creator/4.4/psoc creator/import/gnu/arm/5.4.1/bin/../lib/gcc/arm-none-eabi/5.4.1/armv7-m\libgcc.a(_arm_cmpdf2.o)
 .ARM.attributes
                0x00000654       0x1d c:/program files (x86)/cypress/psoc creator/4.4/psoc creator/import/gnu/arm/5.4.1/bin/../lib/gcc/arm-none-eabi/5.4.1/armv7-m\libgcc.a(_arm_addsubsf3.o)
 .ARM.attributes
                0x00000671       0x1d c:/program files (x86)/cypress/psoc creator/4.4/psoc creator/import/gnu/arm/5.4.1/bin/../lib/gcc/arm-none-eabi/5.4.1/armv7-m\libgcc.a(_arm_muldivsf3.o)
 .ARM.attributes
                0x0000068e       0x1d c:/program files (x86)/cypress/psoc creator/4.4/psoc creator/import/gnu/arm/5.4.1/bin/../lib/gcc/arm-none-eabi/5.4.1/armv7-m\libgcc.a(_arm_fixunssfsi.o)
 .ARM.attributes
                0x000006ab       0x2d c:/program files (x86)/cypress/psoc creator/4.4/psoc creator/import/gnu/arm/5.4.1/bin/../lib/gcc/arm-none-eabi/5.4.1/../../../../arm-none-eabi/lib/armv7-m\libg_nano.a(lib_a-errno.o)
 .ARM.attributes
                0x000006d8       0x2d c:/program files (x86)/cypress/psoc creator/4.4/psoc creator/import/gnu/arm/5.4.1/bin/../lib/gcc/arm-none-eabi/5.4.1/../../../../arm-none-eabi/lib/armv7-m\libg_nano.a(lib_a-exit.o)
 .ARM.attributes
                0x00000705       0x2d c:/program files (x86)/cypress/psoc creator/4.4/psoc creator/import/gnu/arm/5.4.1/bin/../lib/gcc/arm-none-eabi/5.4.1/../../../../arm-none-eabi/lib/armv7-m\libg_nano.a(lib_a-impure.o)
 .ARM.attributes
                0x00000732       0x2d c:/program files (x86)/cypress/psoc creator/4.4/psoc creator/import/gnu/arm/5.4.1/bin/../lib/gcc/arm-none-eabi/5.4.1/../../../../arm-none-eabi/lib/armv7-m\libg_nano.a(lib_a-init.o)
 .ARM.attributes
                0x0000075f       0x2d c:/program files (x86)/cypress/psoc creator/4.4/psoc creator/import/gnu/arm/5.4.1/bin/../lib/gcc/arm-none-eabi/5.4.1/../../../../arm-none-eabi/lib/armv7-m\libg_nano.a(lib_a-memcpy-stub.o)
 .ARM.attributes
                0x0000078c       0x2d c:/program files (x86)/cypress/psoc creator/4.4/psoc creator/import/gnu/arm/5.4.1/bin/../lib/gcc/arm-none-eabi/5.4.1/../../../../arm-none-eabi/lib/armv7-m\libg_nano.a(lib_a-memset.o)
 .ARM.attributes
                0x000007b9       0x2d c:/program files (x86)/cypress/psoc creator/4.4/psoc creator/import/gnu/arm/5.4.1/bin/../lib/gcc/arm-none-eabi/5.4.1/armv7-m/crtend.o
 .ARM.attributes
                0x000007e6       0x1d c:/program files (x86)/cypress/psoc creator/4.4/psoc creator/import/gnu/arm/5.4.1/bin/../lib/gcc/arm-none-eabi/5.4.1/armv7-m/crtn.o

/DISCARD/
 *(.note.GNU-stack)
OUTPUT(C:\Users\Mateo C. Querol\Desktop\speed_sensor.cydsn\CortexM3\ARM_GCC_541\Debug\speed_sensor.elf elf32-littlearm)
